Resolved 59 packages in 61ms
Audited 56 packages in 45ms
/zhome/77/2/187952/projects/advanced-ml/.venv/lib/python3.12/site-packages/torch/nn/modules/module.py:1776: UserWarning: Implicit dimension choice for softmax has been deprecated. Change the call to include dim=X as an argument.
  return self._call_impl(*args, **kwargs)
/zhome/77/2/187952/projects/advanced-ml/.venv/lib/python3.12/site-packages/torch/nn/modules/module.py:1776: UserWarning: Implicit dimension choice for softmax has been deprecated. Change the call to include dim=X as an argument.
  return self._call_impl(*args, **kwargs)
/zhome/77/2/187952/projects/advanced-ml/.venv/lib/python3.12/site-packages/torch/nn/modules/module.py:1776: UserWarning: Implicit dimension choice for softmax has been deprecated. Change the call to include dim=X as an argument.
  return self._call_impl(*args, **kwargs)
/zhome/77/2/187952/projects/advanced-ml/.venv/lib/python3.12/site-packages/torch/nn/modules/module.py:1776: UserWarning: Implicit dimension choice for softmax has been deprecated. Change the call to include dim=X as an argument.
  return self._call_impl(*args, **kwargs)
/zhome/77/2/187952/projects/advanced-ml/.venv/lib/python3.12/site-packages/torch/nn/modules/module.py:1776: UserWarning: Implicit dimension choice for softmax has been deprecated. Change the call to include dim=X as an argument.
  return self._call_impl(*args, **kwargs)
/zhome/77/2/187952/projects/advanced-ml/.venv/lib/python3.12/site-packages/torch/nn/modules/module.py:1776: UserWarning: Implicit dimension choice for softmax has been deprecated. Change the call to include dim=X as an argument.
  return self._call_impl(*args, **kwargs)
/zhome/77/2/187952/projects/advanced-ml/.venv/lib/python3.12/site-packages/torch/nn/modules/module.py:1776: UserWarning: Implicit dimension choice for softmax has been deprecated. Change the call to include dim=X as an argument.
  return self._call_impl(*args, **kwargs)
/zhome/77/2/187952/projects/advanced-ml/.venv/lib/python3.12/site-packages/torch/nn/modules/module.py:1776: UserWarning: Implicit dimension choice for softmax has been deprecated. Change the call to include dim=X as an argument.
  return self._call_impl(*args, **kwargs)
/zhome/77/2/187952/projects/advanced-ml/.venv/lib/python3.12/site-packages/torch/nn/modules/module.py:1776: UserWarning: Implicit dimension choice for softmax has been deprecated. Change the call to include dim=X as an argument.
  return self._call_impl(*args, **kwargs)
/zhome/77/2/187952/projects/advanced-ml/.venv/lib/python3.12/site-packages/torch/nn/modules/module.py:1776: UserWarning: Implicit dimension choice for softmax has been deprecated. Change the call to include dim=X as an argument.
  return self._call_impl(*args, **kwargs)
/zhome/77/2/187952/projects/advanced-ml/.venv/lib/python3.12/site-packages/torch/nn/modules/module.py:1776: UserWarning: Implicit dimension choice for softmax has been deprecated. Change the call to include dim=X as an argument.
  return self._call_impl(*args, **kwargs)
/zhome/77/2/187952/projects/advanced-ml/.venv/lib/python3.12/site-packages/torch/nn/modules/module.py:1776: UserWarning: Implicit dimension choice for softmax has been deprecated. Change the call to include dim=X as an argument.
  return self._call_impl(*args, **kwargs)
/zhome/77/2/187952/projects/advanced-ml/.venv/lib/python3.12/site-packages/torch/nn/modules/module.py:1776: UserWarning: Implicit dimension choice for softmax has been deprecated. Change the call to include dim=X as an argument.
  return self._call_impl(*args, **kwargs)
/zhome/77/2/187952/projects/advanced-ml/.venv/lib/python3.12/site-packages/torch/nn/modules/module.py:1776: UserWarning: Implicit dimension choice for softmax has been deprecated. Change the call to include dim=X as an argument.
  return self._call_impl(*args, **kwargs)
/zhome/77/2/187952/projects/advanced-ml/.venv/lib/python3.12/site-packages/torch/nn/modules/module.py:1776: UserWarning: Implicit dimension choice for softmax has been deprecated. Change the call to include dim=X as an argument.
  return self._call_impl(*args, **kwargs)
/zhome/77/2/187952/projects/advanced-ml/.venv/lib/python3.12/site-packages/torch/nn/modules/module.py:1776: UserWarning: Implicit dimension choice for softmax has been deprecated. Change the call to include dim=X as an argument.
  return self._call_impl(*args, **kwargs)
/zhome/77/2/187952/projects/advanced-ml/.venv/lib/python3.12/site-packages/torch/nn/modules/module.py:1776: UserWarning: Implicit dimension choice for softmax has been deprecated. Change the call to include dim=X as an argument.
  return self._call_impl(*args, **kwargs)
/zhome/77/2/187952/projects/advanced-ml/.venv/lib/python3.12/site-packages/torch/nn/modules/module.py:1776: UserWarning: Implicit dimension choice for softmax has been deprecated. Change the call to include dim=X as an argument.
  return self._call_impl(*args, **kwargs)
/zhome/77/2/187952/projects/advanced-ml/.venv/lib/python3.12/site-packages/torch/nn/modules/module.py:1776: UserWarning: Implicit dimension choice for softmax has been deprecated. Change the call to include dim=X as an argument.
  return self._call_impl(*args, **kwargs)
/zhome/77/2/187952/projects/advanced-ml/.venv/lib/python3.12/site-packages/torch/nn/modules/module.py:1776: UserWarning: Implicit dimension choice for softmax has been deprecated. Change the call to include dim=X as an argument.
  return self._call_impl(*args, **kwargs)
/zhome/77/2/187952/projects/advanced-ml/.venv/lib/python3.12/site-packages/torch/nn/modules/module.py:1776: UserWarning: Implicit dimension choice for softmax has been deprecated. Change the call to include dim=X as an argument.
  return self._call_impl(*args, **kwargs)
/zhome/77/2/187952/projects/advanced-ml/.venv/lib/python3.12/site-packages/torch/nn/modules/module.py:1776: UserWarning: Implicit dimension choice for softmax has been deprecated. Change the call to include dim=X as an argument.
  return self._call_impl(*args, **kwargs)
/zhome/77/2/187952/projects/advanced-ml/.venv/lib/python3.12/site-packages/torch/nn/modules/module.py:1776: UserWarning: Implicit dimension choice for softmax has been deprecated. Change the call to include dim=X as an argument.
  return self._call_impl(*args, **kwargs)
/zhome/77/2/187952/projects/advanced-ml/.venv/lib/python3.12/site-packages/torch/nn/modules/module.py:1776: UserWarning: Implicit dimension choice for softmax has been deprecated. Change the call to include dim=X as an argument.
  return self._call_impl(*args, **kwargs)
/zhome/77/2/187952/projects/advanced-ml/.venv/lib/python3.12/site-packages/torch/nn/modules/module.py:1776: UserWarning: Implicit dimension choice for softmax has been deprecated. Change the call to include dim=X as an argument.
  return self._call_impl(*args, **kwargs)
/zhome/77/2/187952/projects/advanced-ml/.venv/lib/python3.12/site-packages/torch/nn/modules/module.py:1776: UserWarning: Implicit dimension choice for softmax has been deprecated. Change the call to include dim=X as an argument.
  return self._call_impl(*args, **kwargs)
/zhome/77/2/187952/projects/advanced-ml/.venv/lib/python3.12/site-packages/torch/nn/modules/module.py:1776: UserWarning: Implicit dimension choice for softmax has been deprecated. Change the call to include dim=X as an argument.
  return self._call_impl(*args, **kwargs)
/zhome/77/2/187952/projects/advanced-ml/.venv/lib/python3.12/site-packages/torch/nn/modules/module.py:1776: UserWarning: Implicit dimension choice for softmax has been deprecated. Change the call to include dim=X as an argument.
  return self._call_impl(*args, **kwargs)
User defined signal 2
