MANUAL NOTES: 
I ran this because the other bash job timed out. 
So just to compute the last 3 geodesics!

============================================================
Computing geodesics: num_decoders=3, seed=8
Using checkpoint: miniproject2/experiments/part_b/m3_seed8/model.pt
[[97mINFO[0m] [[96m__main__[0m] batch_size = 32
[[97mINFO[0m] [[96m__main__[0m] device = cuda
[[97mINFO[0m] [[96m__main__[0m] epochs = 50
[[97mINFO[0m] [[96m__main__[0m] experiment_folder = miniproject2/experiments/part_b/m3_seed8
[[97mINFO[0m] [[96m__main__[0m] latent_dim = 2
[[97mINFO[0m] [[96m__main__[0m] mc_samples = 10
[[97mINFO[0m] [[96m__main__[0m] mode = geodesics
[[97mINFO[0m] [[96m__main__[0m] num_curves = 25
[[97mINFO[0m] [[96m__main__[0m] num_decoders = 3
[[97mINFO[0m] [[96m__main__[0m] num_t = 10
[[97mINFO[0m] [[96m__main__[0m] seed = 8
[[97mINFO[0m] [[96msrc.data[0m] Subsampled dataset to 2048 observations with 3 classes.
[[97mINFO[0m] [[96msrc.data[0m] Subsampled dataset to 2048 observations with 3 classes.
[[97mINFO[0m] [[96msrc.data[0m] Loaded MNIST with 3 classes.
[[97mINFO[0m] [[96m__main__[0m] Model loaded from miniproject2/experiments/part_b/m3_seed8/model.pt
[[97mINFO[0m] [[96m__main__[0m] Computing geodesic 1/25 (1126 -> 1459)
[[97mINFO[0m] [[96m__main__[0m] Computing geodesic 2/25 (860 -> 1294)
[[97mINFO[0m] [[96m__main__[0m] Computing geodesic 3/25 (1130 -> 1095)
[[97mINFO[0m] [[96m__main__[0m] Computing geodesic 4/25 (1724 -> 1044)
[[97mINFO[0m] [[96m__main__[0m] Computing geodesic 5/25 (1638 -> 121)
[[97mINFO[0m] [[96m__main__[0m] Computing geodesic 6/25 (466 -> 1238)
[[97mINFO[0m] [[96m__main__[0m] Computing geodesic 7/25 (330 -> 1482)
[[97mINFO[0m] [[96m__main__[0m] Computing geodesic 8/25 (87 -> 1396)
[[97mINFO[0m] [[96m__main__[0m] Computing geodesic 9/25 (1123 -> 871)
[[97mINFO[0m] [[96m__main__[0m] Computing geodesic 10/25 (1687 -> 130)
[[97mINFO[0m] [[96m__main__[0m] Computing geodesic 11/25 (1685 -> 1332)
[[97mINFO[0m] [[96m__main__[0m] Computing geodesic 12/25 (769 -> 343)
[[97mINFO[0m] [[96m__main__[0m] Computing geodesic 13/25 (1515 -> 1437)
[[97mINFO[0m] [[96m__main__[0m] Computing geodesic 14/25 (805 -> 385)
[[97mINFO[0m] [[96m__main__[0m] Computing geodesic 15/25 (1215 -> 955)
[[97mINFO[0m] [[96m__main__[0m] Computing geodesic 16/25 (276 -> 1184)
[[97mINFO[0m] [[96m__main__[0m] Computing geodesic 17/25 (459 -> 1337)
[[97mINFO[0m] [[96m__main__[0m] Computing geodesic 18/25 (21 -> 252)
[[97mINFO[0m] [[96m__main__[0m] Computing geodesic 19/25 (747 -> 856)
[[97mINFO[0m] [[96m__main__[0m] Computing geodesic 20/25 (1584 -> 474)
[[97mINFO[0m] [[96m__main__[0m] Computing geodesic 21/25 (1082 -> 510)
[[97mINFO[0m] [[96m__main__[0m] Computing geodesic 22/25 (1705 -> 2047)
[[97mINFO[0m] [[96m__main__[0m] Computing geodesic 23/25 (1499 -> 699)
[[97mINFO[0m] [[96m__main__[0m] Computing geodesic 24/25 (975 -> 1806)
[[97mINFO[0m] [[96m__main__[0m] Computing geodesic 25/25 (189 -> 957)
[[92mSUCCESS[0m] [[96m__main__[0m] [92m Distances saved to miniproject2/experiments/part_b/m3_seed8/distances.txt[0m
[[92mSUCCESS[0m] [[96m__main__[0m] [92m Plot saved to miniproject2/experiments/part_b/m3_seed8/latent_space.png[0m
============================================================
Computing geodesics: num_decoders=3, seed=9
Using checkpoint: miniproject2/experiments/part_b/m3_seed9/model.pt
[[97mINFO[0m] [[96m__main__[0m] batch_size = 32
[[97mINFO[0m] [[96m__main__[0m] device = cuda
[[97mINFO[0m] [[96m__main__[0m] epochs = 50
[[97mINFO[0m] [[96m__main__[0m] experiment_folder = miniproject2/experiments/part_b/m3_seed9
[[97mINFO[0m] [[96m__main__[0m] latent_dim = 2
[[97mINFO[0m] [[96m__main__[0m] mc_samples = 10
[[97mINFO[0m] [[96m__main__[0m] mode = geodesics
[[97mINFO[0m] [[96m__main__[0m] num_curves = 25
[[97mINFO[0m] [[96m__main__[0m] num_decoders = 3
[[97mINFO[0m] [[96m__main__[0m] num_t = 10
[[97mINFO[0m] [[96m__main__[0m] seed = 9
[[97mINFO[0m] [[96msrc.data[0m] Subsampled dataset to 2048 observations with 3 classes.
[[97mINFO[0m] [[96msrc.data[0m] Subsampled dataset to 2048 observations with 3 classes.
[[97mINFO[0m] [[96msrc.data[0m] Loaded MNIST with 3 classes.
[[97mINFO[0m] [[96m__main__[0m] Model loaded from miniproject2/experiments/part_b/m3_seed9/model.pt
[[97mINFO[0m] [[96m__main__[0m] Computing geodesic 1/25 (1126 -> 1459)
[[97mINFO[0m] [[96m__main__[0m] Computing geodesic 2/25 (860 -> 1294)
[[97mINFO[0m] [[96m__main__[0m] Computing geodesic 3/25 (1130 -> 1095)
[[97mINFO[0m] [[96m__main__[0m] Computing geodesic 4/25 (1724 -> 1044)
[[97mINFO[0m] [[96m__main__[0m] Computing geodesic 5/25 (1638 -> 121)
[[97mINFO[0m] [[96m__main__[0m] Computing geodesic 6/25 (466 -> 1238)
[[97mINFO[0m] [[96m__main__[0m] Computing geodesic 7/25 (330 -> 1482)
[[97mINFO[0m] [[96m__main__[0m] Computing geodesic 8/25 (87 -> 1396)
[[97mINFO[0m] [[96m__main__[0m] Computing geodesic 9/25 (1123 -> 871)
[[97mINFO[0m] [[96m__main__[0m] Computing geodesic 10/25 (1687 -> 130)
[[97mINFO[0m] [[96m__main__[0m] Computing geodesic 11/25 (1685 -> 1332)
[[97mINFO[0m] [[96m__main__[0m] Computing geodesic 12/25 (769 -> 343)
[[97mINFO[0m] [[96m__main__[0m] Computing geodesic 13/25 (1515 -> 1437)
[[97mINFO[0m] [[96m__main__[0m] Computing geodesic 14/25 (805 -> 385)
[[97mINFO[0m] [[96m__main__[0m] Computing geodesic 15/25 (1215 -> 955)
[[97mINFO[0m] [[96m__main__[0m] Computing geodesic 16/25 (276 -> 1184)
[[97mINFO[0m] [[96m__main__[0m] Computing geodesic 17/25 (459 -> 1337)
[[97mINFO[0m] [[96m__main__[0m] Computing geodesic 18/25 (21 -> 252)
[[97mINFO[0m] [[96m__main__[0m] Computing geodesic 19/25 (747 -> 856)
[[97mINFO[0m] [[96m__main__[0m] Computing geodesic 20/25 (1584 -> 474)
[[97mINFO[0m] [[96m__main__[0m] Computing geodesic 21/25 (1082 -> 510)
[[97mINFO[0m] [[96m__main__[0m] Computing geodesic 22/25 (1705 -> 2047)
[[97mINFO[0m] [[96m__main__[0m] Computing geodesic 23/25 (1499 -> 699)
[[97mINFO[0m] [[96m__main__[0m] Computing geodesic 24/25 (975 -> 1806)
[[97mINFO[0m] [[96m__main__[0m] Computing geodesic 25/25 (189 -> 957)
[[92mSUCCESS[0m] [[96m__main__[0m] [92m Distances saved to miniproject2/experiments/part_b/m3_seed9/distances.txt[0m
[[92mSUCCESS[0m] [[96m__main__[0m] [92m Plot saved to miniproject2/experiments/part_b/m3_seed9/latent_space.png[0m
============================================================
Computing geodesics: num_decoders=3, seed=10
Using checkpoint: miniproject2/experiments/part_b/m3_seed10/model.pt
[[97mINFO[0m] [[96m__main__[0m] batch_size = 32
[[97mINFO[0m] [[96m__main__[0m] device = cuda
[[97mINFO[0m] [[96m__main__[0m] epochs = 50
[[97mINFO[0m] [[96m__main__[0m] experiment_folder = miniproject2/experiments/part_b/m3_seed10
[[97mINFO[0m] [[96m__main__[0m] latent_dim = 2
[[97mINFO[0m] [[96m__main__[0m] mc_samples = 10
[[97mINFO[0m] [[96m__main__[0m] mode = geodesics
[[97mINFO[0m] [[96m__main__[0m] num_curves = 25
[[97mINFO[0m] [[96m__main__[0m] num_decoders = 3
[[97mINFO[0m] [[96m__main__[0m] num_t = 10
[[97mINFO[0m] [[96m__main__[0m] seed = 10
[[97mINFO[0m] [[96msrc.data[0m] Subsampled dataset to 2048 observations with 3 classes.
[[97mINFO[0m] [[96msrc.data[0m] Subsampled dataset to 2048 observations with 3 classes.
[[97mINFO[0m] [[96msrc.data[0m] Loaded MNIST with 3 classes.
[[97mINFO[0m] [[96m__main__[0m] Model loaded from miniproject2/experiments/part_b/m3_seed10/model.pt
[[97mINFO[0m] [[96m__main__[0m] Computing geodesic 1/25 (1126 -> 1459)
[[97mINFO[0m] [[96m__main__[0m] Computing geodesic 2/25 (860 -> 1294)
[[97mINFO[0m] [[96m__main__[0m] Computing geodesic 3/25 (1130 -> 1095)
[[97mINFO[0m] [[96m__main__[0m] Computing geodesic 4/25 (1724 -> 1044)
[[97mINFO[0m] [[96m__main__[0m] Computing geodesic 5/25 (1638 -> 121)
[[97mINFO[0m] [[96m__main__[0m] Computing geodesic 6/25 (466 -> 1238)
[[97mINFO[0m] [[96m__main__[0m] Computing geodesic 7/25 (330 -> 1482)
[[97mINFO[0m] [[96m__main__[0m] Computing geodesic 8/25 (87 -> 1396)
[[97mINFO[0m] [[96m__main__[0m] Computing geodesic 9/25 (1123 -> 871)
[[97mINFO[0m] [[96m__main__[0m] Computing geodesic 10/25 (1687 -> 130)
[[97mINFO[0m] [[96m__main__[0m] Computing geodesic 11/25 (1685 -> 1332)
[[97mINFO[0m] [[96m__main__[0m] Computing geodesic 12/25 (769 -> 343)
[[97mINFO[0m] [[96m__main__[0m] Computing geodesic 13/25 (1515 -> 1437)
[[97mINFO[0m] [[96m__main__[0m] Computing geodesic 14/25 (805 -> 385)
[[97mINFO[0m] [[96m__main__[0m] Computing geodesic 15/25 (1215 -> 955)
[[97mINFO[0m] [[96m__main__[0m] Computing geodesic 16/25 (276 -> 1184)
[[97mINFO[0m] [[96m__main__[0m] Computing geodesic 17/25 (459 -> 1337)
[[97mINFO[0m] [[96m__main__[0m] Computing geodesic 18/25 (21 -> 252)
[[97mINFO[0m] [[96m__main__[0m] Computing geodesic 19/25 (747 -> 856)
[[97mINFO[0m] [[96m__main__[0m] Computing geodesic 20/25 (1584 -> 474)
[[97mINFO[0m] [[96m__main__[0m] Computing geodesic 21/25 (1082 -> 510)
[[97mINFO[0m] [[96m__main__[0m] Computing geodesic 22/25 (1705 -> 2047)
[[97mINFO[0m] [[96m__main__[0m] Computing geodesic 23/25 (1499 -> 699)
[[97mINFO[0m] [[96m__main__[0m] Computing geodesic 24/25 (975 -> 1806)
[[97mINFO[0m] [[96m__main__[0m] Computing geodesic 25/25 (189 -> 957)
[[92mSUCCESS[0m] [[96m__main__[0m] [92m Distances saved to miniproject2/experiments/part_b/m3_seed10/distances.txt[0m
[[92mSUCCESS[0m] [[96m__main__[0m] [92m Plot saved to miniproject2/experiments/part_b/m3_seed10/latent_space.png[0m
All Part B geodesic retry runs completed successfully.

------------------------------------------------------------
Sender: LSF System <lsfadmin@hpc.dtu.dk>
Subject: Job 28113358: <mp2_partb_geodesics_m3_retry> in cluster <dcc> Done

Job <mp2_partb_geodesics_m3_retry> was submitted from host <hpclogin1> by user <s225224> in cluster <dcc> at Fri Mar 27 06:33:43 2026
Job was executed on host(s) <4*n-62-12-20>, in queue <gpua100>, as user <s225224> in cluster <dcc> at Fri Mar 27 06:35:17 2026
</zhome/77/2/187952> was used as the home directory.
</zhome/77/2/187952/projects/advanced-ml> was used as the working directory.
Started at Fri Mar 27 06:35:17 2026
Terminated at Fri Mar 27 07:29:13 2026
Results reported at Fri Mar 27 07:29:13 2026

Your job looked like:

------------------------------------------------------------
# LSBATCH: User input
#!/bin/bash
#BSUB -q gpua100
#BSUB -W 3:00
#BSUB -J mp2_partb_geodesics_m3_retry
#BSUB -o miniproject2/jobs/mp2_partb_geodesics_m3_retry_%J.out
#BSUB -e miniproject2/jobs/mp2_partb_geodesics_m3_retry_%J.err
#BSUB -n 4
#BSUB -R "rusage[mem=8GB]"
#BSUB -R "span[hosts=1]"
#BSUB -gpu "num=1:mode=exclusive_process"

set -euo pipefail

# ---------- Config ----------
DEVICE="cuda"
BATCH_SIZE=32
LATENT_DIM=2

NUM_CURVES=25
NUM_T=10 # specified by exercise
MC_SAMPLES=10 # no magic reason for this, just a reasonable number to get decent estimates without taking forever

# Retry: m3 seeds 8-10 that were missed
NUM_DECODERS=3
SEEDS=(8 9 10)

BASE_DIR="miniproject2/experiments/part_b"
# ----------------------------

uv sync

for SEED in "${SEEDS[@]}"; do
  EXP_DIR="${BASE_DIR}/m${NUM_DECODERS}_seed${SEED}"

  if [[ ! -f "${EXP_DIR}/model.pt" ]]; then
    echo "Skipping ${EXP_DIR}: model.pt not found"
    continue
  fi

  echo "============================================================"
  echo "Computing geodesics: num_decoders=${NUM_DECODERS}, seed=${SEED}"
  echo "Using checkpoint: ${EXP_DIR}/model.pt"

  uv run miniproject2/part_b.py geodesics \
    --num-decoders "${NUM_DECODERS}" \
    --seed "${SEED}" \
    --batch-size "${BATCH_SIZE}" \
    --latent-dim "${LATENT_DIM}" \
    --num-curves "${NUM_CURVES}" \
    --num-t "${NUM_T}" \

(... more ...)
------------------------------------------------------------

Successfully completed.

Resource usage summary:

    CPU time :                                   3186.00 sec.
    Max Memory :                                 1010 MB
    Average Memory :                             973.12 MB
    Total Requested Memory :                     32768.00 MB
    Delta Memory :                               31758.00 MB
    Max Swap :                                   -
    Max Processes :                              5
    Max Threads :                                13
    Run time :                                   3236 sec.
    Turnaround time :                            3330 sec.

The output (if any) is above this job summary.



PS:

Read file <miniproject2/jobs/mp2_partb_geodesics_m3_retry_28113358.err> for stderr output of this job.

