[[97mINFO[0m] [[96m__main__[0m] Training VAE with the following configuration:
[[97mINFO[0m] [[96m__main__[0m]   M = 10
[[97mINFO[0m] [[96m__main__[0m]   batch_size = 128
[[97mINFO[0m] [[96m__main__[0m]   device = cuda
[[97mINFO[0m] [[96m__main__[0m]   epochs = 20
[[97mINFO[0m] [[96m__main__[0m]   flow_num_hidden = 64
[[97mINFO[0m] [[96m__main__[0m]   flow_num_layers = 5
[[97mINFO[0m] [[96m__main__[0m]   lr = 0.001
[[97mINFO[0m] [[96m__main__[0m]   prior = flow
[[97mINFO[0m] [[96m__main__[0m]   seed = 1
[[92mSUCCESS[0m] [[96m__main__[0m] [92m Run saved to /zhome/77/2/187952/projects/advanced-ml/miniproject1/src/checkpoints/vae_M10_flow_num_layers5_flow_num_hidden64_priorflow_seed1_lr0.001_bs128_ep20_20260225_172509[0m

------------------------------------------------------------
Sender: LSF System <lsfadmin@hpc.dtu.dk>
Subject: Job 27909370[2]: <vae_flow[1-4]> in cluster <dcc> Done

Job <vae_flow[1-4]> was submitted from host <n-62-12-19> by user <s225224> in cluster <dcc> at Wed Feb 25 17:18:15 2026
Job was executed on host(s) <4*n-62-20-12>, in queue <gpuv100>, as user <s225224> in cluster <dcc> at Wed Feb 25 17:21:36 2026
</zhome/77/2/187952> was used as the home directory.
</zhome/77/2/187952/projects/advanced-ml/miniproject1> was used as the working directory.
Started at Wed Feb 25 17:21:36 2026
Terminated at Wed Feb 25 17:25:12 2026
Results reported at Wed Feb 25 17:25:12 2026

Your job looked like:

------------------------------------------------------------
# LSBATCH: User input
#!/bin/bash
#BSUB -q gpuv100
#BSUB -W 4:00
#BSUB -J "vae_flow[1-4]"
#BSUB -o jobs/vae_flow_%J_%I.out
#BSUB -e jobs/vae_flow_%J_%I.err
#BSUB -n 4
#BSUB -R "rusage[mem=8GB]"
#BSUB -R "span[hosts=1]"
#BSUB -gpu "num=1:mode=exclusive_process"

MS=(2 10 32 64)
M=${MS[$((LSB_JOBINDEX - 1))]}

uv sync
uv run python -m src.train_vae flow \
    --seed 1 \
    --M $M \
    --epochs 20 \
    --batch-size 128 \
    --lr 1e-3 \
    --device cuda \
    --flow-num-layers 5 \
    --flow-num-hidden 64

------------------------------------------------------------

Successfully completed.

Resource usage summary:

    CPU time :                                   206.00 sec.
    Max Memory :                                 857 MB
    Average Memory :                             831.25 MB
    Total Requested Memory :                     32768.00 MB
    Delta Memory :                               31911.00 MB
    Max Swap :                                   -
    Max Processes :                              5
    Max Threads :                                13
    Run time :                                   217 sec.
    Turnaround time :                            417 sec.

The output (if any) is above this job summary.



PS:

Read file <jobs/vae_flow_27909370_2.err> for stderr output of this job.

